<html>
<body>
<pre>
<h1>µVision Build Log</h1>
<h2>Project:</h2>
c:\src\svn\src\STM32F30x\PTO_project_STM32F3.uvproj
Project File Date:  04/23/2013

<h2>Output:</h2>
creating preprocessor file for adc.c...
compiling adc.c...
src\adc.c(342): error:  #20: identifier "ADC_ExternalTrigConv_T4_CC4" is undefined
src\adc.c(352): warning:  #223-D: function "ADC_ExternalTrigConvCmd" declared implicitly
src\adc.c - 1 Error(s), 1 Warning(s).
creating preprocessor file for timeBase.c...
compiling timeBase.c...
src\timeBase.c - 0 Error(s), 0 Warning(s).
creating preprocessor file for systemClock.c...
compiling systemClock.c...
src\systemClock.c(25): error:  #20: identifier "RCC_PLLSource_HSE_Div1" is undefined
src\systemClock.c - 1 Error(s), 0 Warning(s).
creating preprocessor file for systemClock.c...
compiling systemClock.c...
src\systemClock.c - 0 Error(s), 0 Warning(s).
Rebuild target 'PTO_STM32F3-DISCOVERY'
creating preprocessor file for adc.c...
compiling adc.c...
src\adc.c(342): error:  #20: identifier "ADC_ExternalTrigConv_T4_CC4" is undefined
src\adc.c(352): warning:  #223-D: function "ADC_ExternalTrigConvCmd" declared implicitly
creating preprocessor file for buttons.c...
compiling buttons.c...
creating preprocessor file for dac.c...
compiling dac.c...
.\inc\dac.h(26): error:  #256: invalid redeclaration of type name "DAC_InitTypeDef" (declared at line 70 of ".\lib\STM32F30x_StdPeriph_Driver\inc\stm32f30x_dac.h")
creating preprocessor file for gpio_ext.c...
compiling gpio_ext.c...
creating preprocessor file for gpio_in.c...
compiling gpio_in.c...
creating preprocessor file for gpio_out.c...
compiling gpio_out.c...
src\gpio_out.c(109): error:  #20: identifier "RCC_APB2Periph_GPIOC" is undefined
src\gpio_out.c(112): error:  #20: identifier "GPIO_Mode_Out_PP" is undefined
creating preprocessor file for lcd.c...
compiling lcd.c...
creating preprocessor file for led.c...
compiling led.c...
creating preprocessor file for nmi_irq.c...
compiling nmi_irq.c...
creating preprocessor file for sysctl.c...
compiling sysctl.c...
creating preprocessor file for uart.c...
compiling uart.c...
src\uart.c(79): error:  #20: identifier "RCC_APB2Periph_GPIOA" is undefined
src\uart.c(82): error:  #20: identifier "GPIO_Mode_AF_PP" is undefined
src\uart.c(87): error:  #20: identifier "GPIO_Mode_IN_FLOATING" is undefined
src\uart.c(132): error:  #136: struct "<unnamed>" has no field "SR"
src\uart.c(134): error:  #20: identifier "USART_SR_RXNE" is undefined
src\uart.c(136): error:  #136: struct "<unnamed>" has no field "DR"
src\uart.c(139): error:  #20: identifier "USART_SR_TXE" is undefined
src\uart.c(157): error:  #136: struct "<unnamed>" has no field "SR"
src\uart.c(157): error:  #20: identifier "USART_SR_TXE" is undefined
src\uart.c(159): error:  #136: struct "<unnamed>" has no field "DR"
creating preprocessor file for main.c...
compiling main.c...
creating preprocessor file for NVIC_Basic.c...
compiling NVIC_Basic.c...
creating preprocessor file for timeBase.c...
compiling timeBase.c...
creating preprocessor file for systemClock.c...
compiling systemClock.c...
creating preprocessor file for initialize.c...
compiling initialize.c...
assembling startup_stm32f30x.s...
creating preprocessor file for stm32f30x_adc.c...
compiling stm32f30x_adc.c...
creating preprocessor file for stm32f30x_can.c...
compiling stm32f30x_can.c...
creating preprocessor file for stm32f30x_comp.c...
compiling stm32f30x_comp.c...
creating preprocessor file for stm32f30x_crc.c...
compiling stm32f30x_crc.c...
creating preprocessor file for stm32f30x_dac.c...
compiling stm32f30x_dac.c...
creating preprocessor file for stm32f30x_dbgmcu.c...
compiling stm32f30x_dbgmcu.c...
creating preprocessor file for stm32f30x_dma.c...
compiling stm32f30x_dma.c...
creating preprocessor file for stm32f30x_exti.c...
compiling stm32f30x_exti.c...
creating preprocessor file for stm32f30x_flash.c...
compiling stm32f30x_flash.c...
creating preprocessor file for stm32f30x_gpio.c...
compiling stm32f30x_gpio.c...
creating preprocessor file for stm32f30x_i2c.c...
compiling stm32f30x_i2c.c...
creating preprocessor file for stm32f30x_iwdg.c...
compiling stm32f30x_iwdg.c...
creating preprocessor file for stm32f30x_misc.c...
compiling stm32f30x_misc.c...
creating preprocessor file for stm32f30x_opamp.c...
compiling stm32f30x_opamp.c...
creating preprocessor file for stm32f30x_pwr.c...
compiling stm32f30x_pwr.c...
creating preprocessor file for stm32f30x_rcc.c...
compiling stm32f30x_rcc.c...
creating preprocessor file for stm32f30x_rtc.c...
compiling stm32f30x_rtc.c...
creating preprocessor file for stm32f30x_spi.c...
compiling stm32f30x_spi.c...
creating preprocessor file for stm32f30x_syscfg.c...
compiling stm32f30x_syscfg.c...
creating preprocessor file for stm32f30x_tim.c...
compiling stm32f30x_tim.c...
creating preprocessor file for stm32f30x_usart.c...
compiling stm32f30x_usart.c...
creating preprocessor file for stm32f30x_wwdg.c...
compiling stm32f30x_wwdg.c...
creating preprocessor file for comm.c...
compiling comm.c...
creating preprocessor file for counter.c...
compiling counter.c...
creating preprocessor file for generator.c...
compiling generator.c...
creating preprocessor file for log_analyser.c...
compiling log_analyser.c...
creating preprocessor file for scope.c...
compiling scope.c...
creating preprocessor file for state_automat.c...
compiling state_automat.c...
creating preprocessor file for parse_cmd.c...
compiling parse_cmd.c...
..\common\src\parse_cmd.c(476): warning:  #188-D: enumerated type mixed with another type
Target not created
creating preprocessor file for gpio_out.c...
compiling gpio_out.c...
src\gpio_out.c(112): error:  #20: identifier "GPIO_Mode_Out_PP" is undefined
src\gpio_out.c - 1 Error(s), 0 Warning(s).
creating preprocessor file for gpio_out.c...
compiling gpio_out.c...
src\gpio_out.c - 0 Error(s), 0 Warning(s).
Build target 'PTO_STM32F3-DISCOVERY'
compiling adc.c...
src\adc.c(342): error:  #20: identifier "ADC_ExternalTrigConv_T4_CC4" is undefined
src\adc.c(352): warning:  #223-D: function "ADC_ExternalTrigConvCmd" declared implicitly
compiling dac.c...
.\inc\dac.h(26): error:  #256: invalid redeclaration of type name "DAC_InitTypeDef" (declared at line 70 of ".\lib\STM32F30x_StdPeriph_Driver\inc\stm32f30x_dac.h")
compiling uart.c...
src\uart.c(79): error:  #20: identifier "RCC_APB2Periph_GPIOA" is undefined
src\uart.c(82): error:  #20: identifier "GPIO_Mode_AF_PP" is undefined
src\uart.c(87): error:  #20: identifier "GPIO_Mode_IN_FLOATING" is undefined
src\uart.c(132): error:  #136: struct "<unnamed>" has no field "SR"
src\uart.c(134): error:  #20: identifier "USART_SR_RXNE" is undefined
src\uart.c(136): error:  #136: struct "<unnamed>" has no field "DR"
src\uart.c(139): error:  #20: identifier "USART_SR_TXE" is undefined
src\uart.c(157): error:  #136: struct "<unnamed>" has no field "SR"
src\uart.c(157): error:  #20: identifier "USART_SR_TXE" is undefined
src\uart.c(159): error:  #136: struct "<unnamed>" has no field "DR"
Target not created
creating preprocessor file for uart.c...
compiling uart.c...
src\uart.c(173): error:  #136: struct "<unnamed>" has no field "SR"
src\uart.c(173): error:  #20: identifier "USART_SR_TXE" is undefined
src\uart.c(175): error:  #136: struct "<unnamed>" has no field "DR"
src\uart.c - 3 Error(s), 0 Warning(s).
creating preprocessor file for uart.c...
compiling uart.c...
src\uart.c - 0 Error(s), 0 Warning(s).
creating preprocessor file for uart.c...
compiling uart.c...
src\uart.c - 0 Error(s), 0 Warning(s).
Build target 'PTO_STM32F3-DISCOVERY'
compiling adc.c...
src\adc.c(342): error:  #20: identifier "ADC_ExternalTrigConv_T4_CC4" is undefined
src\adc.c(352): warning:  #223-D: function "ADC_ExternalTrigConvCmd" declared implicitly
compiling dac.c...
.\inc\dac.h(26): error:  #256: invalid redeclaration of type name "DAC_InitTypeDef" (declared at line 70 of ".\lib\STM32F30x_StdPeriph_Driver\inc\stm32f30x_dac.h")
Target not created
Build target 'PTO_STM32F3-DISCOVERY'
compiling adc.c...
src\adc.c(342): error:  #20: identifier "ADC_ExternalTrigConv_T4_CC4" is undefined
src\adc.c(352): warning:  #223-D: function "ADC_ExternalTrigConvCmd" declared implicitly
creating preprocessor file for dac.c...
compiling dac.c...
src\dac.c(91): error:  #136: struct "<unnamed>" has no field "DAC_memorySize"
Target not created
creating preprocessor file for dac.c...
compiling dac.c...
src\dac.c - 0 Error(s), 0 Warning(s).
Build target 'PTO_STM32F3-DISCOVERY'
compiling adc.c...
src\adc.c(342): error:  #20: identifier "ADC_ExternalTrigConv_T4_CC4" is undefined
src\adc.c(352): warning:  #223-D: function "ADC_ExternalTrigConvCmd" declared implicitly
Target not created
creating preprocessor file for adc.c...
compiling adc.c...
src\adc.c(342): warning:  #161-D: unrecognized #pragma
src\adc.c(352): warning:  #161-D: unrecognized #pragma
src\adc.c - 0 Error(s), 2 Warning(s).
Build target 'PTO_STM32F3-DISCOVERY'
linking...
.\output\processor_code.axf: Error: L6218E: Undefined symbol SystemInit (referred from startup_stm32f30x.o).
Target not created
Build target 'PTO_STM32F3-DISCOVERY'
assembling startup_stm32f30x.s...
linking...
Program Size: Code=17476 RO-data=424 RW-data=112 ZI-data=4880  
FromELF: creating hex file...
".\output\processor_code.axf" - 0 Error(s), 0 Warning(s).
creating preprocessor file for adc.c...
compiling adc.c...
src\adc.c(342): error:  #20: identifier "ADC_ExternalTrigConv_T4_CC4" is undefined
src\adc.c(352): warning:  #223-D: function "ADC_ExternalTrigConvCmd" declared implicitly
src\adc.c - 1 Error(s), 1 Warning(s).
creating preprocessor file for adc.c...
compiling adc.c...
src\adc.c(342): error:  #20: identifier "ADC_ExternalTrigConv_T4_CC4" is undefined
src\adc.c(352): warning:  #223-D: function "ADC_ExternalTrigConvEventCmd" declared implicitly
src\adc.c - 1 Error(s), 1 Warning(s).
creating preprocessor file for adc.c...
compiling adc.c...
src\adc.c(342): error:  #20: identifier "ADC_ExternalTrigConv_T4_CC4" is undefined
src\adc.c(352): warning:  #223-D: function "ADC_ExternalTrigConvCmd" declared implicitly
src\adc.c - 1 Error(s), 1 Warning(s).
creating preprocessor file for adc.c...
compiling adc.c...
src\adc.c(352): warning:  #223-D: function "ADC_ExternalTrigConvCmd" declared implicitly
src\adc.c - 0 Error(s), 1 Warning(s).
creating preprocessor file for adc.c...
compiling adc.c...
src\adc.c(345): error:  #20: identifier "ADC_ExternalTrigEventEdge_Rising" is undefined
src\adc.c(353): error:  #29: expected an expression
src\adc.c(353): error:  #165: too few arguments in function call
src\adc.c - 3 Error(s), 0 Warning(s).
creating preprocessor file for adc.c...
compiling adc.c...
src\adc.c - 0 Error(s), 0 Warning(s).
Build target 'PTO_STM32F3-DISCOVERY'
creating preprocessor file for main.c...
compiling main.c...
creating preprocessor file for initialize.c...
compiling initialize.c...
creating preprocessor file for scope.c...
compiling scope.c...
linking...
Program Size: Code=17500 RO-data=424 RW-data=112 ZI-data=4880  
FromELF: creating hex file...
".\output\processor_code.axf" - 0 Error(s), 0 Warning(s).
Clean started: Project: 'PTO_project_STM32F3'
   deleting intermediate output files for target 'PTO_STM32F3-DISCOVERY'
